I'm sorry, but errors were detected in your script. Please correct the
errors listed below, and try again.


File "game/KraterV2.rpy", line 75: Line is indented, but the preceding say statement statement does not expect a block. Please check this line's indentation. You may have forgotten a colon (:).
    window hide
    ^

Ren'Py Version: Ren'Py 8.2.3.24061702
Tue May  6 15:50:35 2025
